[www.enableds.com/products/megamobile/mixed/index.html]
[backblue.gif]
[fade.gif]
[index.html]
[www.enableds.com/products/megamobile/mixed/styles/style.css]
[www.enableds.com/products/megamobile/mixed/styles/skin.css]
[www.enableds.com/products/megamobile/mixed/styles/framework.css]
[www.enableds.com/products/megamobile/mixed/styles/ionicons.min.css]
[www.enableds.com/products/megamobile/mixed/scripts/jquery.js]
[www.enableds.com/products/megamobile/mixed/scripts/plugins.js]
[www.enableds.com/products/megamobile/mixed/scripts/custom.js]
[www.enableds.com/products/megamobile/mixed/index2.html]
[www.enableds.com/products/megamobile/mixed/index-cover.html]
[www.enableds.com/products/megamobile/mixed/index-circle.html]
[www.enableds.com/products/megamobile/mixed/index-no-slider.html]
[www.enableds.com/products/megamobile/mixed/index-store.html]
[www.enableds.com/products/megamobile/mixed/index-news.html]
[www.enableds.com/products/megamobile/mixed/index-splash.html]
[www.enableds.com/products/megamobile/mixed/index-login.html]
[www.enableds.com/products/megamobile/mixed/index-register.html]
[www.enableds.com/products/megamobile/mixed/index-landing.html]
[www.enableds.com/products/megamobile/mixed/menu-sidebar-dual.html]
[www.enableds.com/products/megamobile/mixed/menu-sidebar-left.html]
[www.enableds.com/products/megamobile/mixed/menu-sidebar-right.html]
[www.enableds.com/products/megamobile/mixed/menu-modal.html]
[www.enableds.com/products/megamobile/mixed/menu-header.html]
[www.enableds.com/products/megamobile/mixed/menu-footer.html]
[www.enableds.com/products/megamobile/mixed/menu-fixed.html]
[www.enableds.com/products/megamobile/mixed/menu-floating.html]
[www.enableds.com/products/megamobile/mixed/menu-landing.html]
[www.enableds.com/products/megamobile/mixed/features-tabs.html]
[www.enableds.com/products/megamobile/mixed/features-toggles.html]
[www.enableds.com/products/megamobile/mixed/features-dropdown.html]
[www.enableds.com/products/megamobile/mixed/features-accordion.html]
[www.enableds.com/products/megamobile/mixed/features-typography.html]
[www.enableds.com/products/megamobile/mixed/features-menu-bars.html]
[www.enableds.com/products/megamobile/mixed/features-notifications.html]
[www.enableds.com/products/megamobile/mixed/features-decorations.html]
[www.enableds.com/products/megamobile/mixed/features-buttons.html]
[www.enableds.com/products/megamobile/mixed/features-inputs.html]
[www.enableds.com/products/megamobile/mixed/features-detection.html]
[www.enableds.com/products/megamobile/mixed/gallery-round.html]
[www.enableds.com/products/megamobile/mixed/gallery-square.html]
[www.enableds.com/products/megamobile/mixed/gallery-blocks.html]
[www.enableds.com/products/megamobile/mixed/gallery-adaptive.html]
[www.enableds.com/products/megamobile/mixed/gallery-collections.html]
[www.enableds.com/products/megamobile/mixed/portfolio-one.html]
[www.enableds.com/products/megamobile/mixed/portfolio-two.html]
[www.enableds.com/products/megamobile/mixed/portfolio-fluid.html]
[www.enableds.com/products/megamobile/mixed/portfolio-cards.html]
[www.enableds.com/products/megamobile/mixed/portfolio-adaptive.html]
[www.enableds.com/products/megamobile/mixed/portfolio-widescreen.html]
[www.enableds.com/products/megamobile/mixed/page-error.html]
[www.enableds.com/products/megamobile/mixed/page-soon.htm]
[www.enableds.com/products/megamobile/mixed/page-login.html]
[www.enableds.com/products/megamobile/mixed/page-register.html]
[www.enableds.com/products/megamobile/mixed/page-reviews.html]
[www.enableds.com/products/megamobile/mixed/page-sitemap.html]
[www.enableds.com/products/megamobile/mixed/page-profile-1.html]
[www.enableds.com/products/megamobile/mixed/page-profile-2.html]
[www.enableds.com/products/megamobile/mixed/page-timeline-1.html]
[www.enableds.com/products/megamobile/mixed/page-timeline-2.html]
[www.enableds.com/products/megamobile/mixed/page-pricing.html]
[www.enableds.com/products/megamobile/mixed/page-status.html]
[www.enableds.com/products/megamobile/mixed/pageapp-chat.html]
[www.enableds.com/products/megamobile/mixed/pageapp-error.html]
[www.enableds.com/products/megamobile/mixed/pageapp-soon.html]
[www.enableds.com/products/megamobile/mixed/pageapp-login.html]
[www.enableds.com/products/megamobile/mixed/pageapp-register.html]
[www.enableds.com/products/megamobile/mixed/pageapp-tasklist.html]
[www.enableds.com/products/megamobile/mixed/pageapp-checklist.html]
[www.enableds.com/products/megamobile/mixed/pageapp-interests.html]
[www.enableds.com/products/megamobile/mixed/pageapp-calendar.html]
[www.enableds.com/products/megamobile/mixed/pageapp-coverpage.html]
[www.enableds.com/products/megamobile/mixed/pageapp-userlists.html]
[www.enableds.com/products/megamobile/mixed/pageapp-map.html]
[www.enableds.com/products/megamobile/mixed/news-faq.html]
[www.enableds.com/products/megamobile/mixed/news-home-1.html]
[www.enableds.com/products/megamobile/mixed/news-home-2.html]
[www.enableds.com/products/megamobile/mixed/news-cover.html]
[www.enableds.com/products/megamobile/mixed/news-article-1.html]
[www.enableds.com/products/megamobile/mixed/news-article-2.html]
[www.enableds.com/products/megamobile/mixed/news-article-3.html]
[www.enableds.com/products/megamobile/mixed/news-list-1.html]
[www.enableds.com/products/megamobile/mixed/news-list-2.html]
[www.enableds.com/products/megamobile/mixed/news-list-3.html]
[www.enableds.com/products/megamobile/mixed/news-archive.html]
[www.enableds.com/products/megamobile/mixed/store-faq.html]
[www.enableds.com/products/megamobile/mixed/store-home-1.html]
[www.enableds.com/products/megamobile/mixed/store-home-2.html]
[www.enableds.com/products/megamobile/mixed/store-apps.html]
[www.enableds.com/products/megamobile/mixed/store-music.html]
[www.enableds.com/products/megamobile/mixed/store-video.html]
[www.enableds.com/products/megamobile/mixed/store-cover.html]
[www.enableds.com/products/megamobile/mixed/store-product-1.html]
[www.enableds.com/products/megamobile/mixed/store-product-2.html]
[www.enableds.com/products/megamobile/mixed/store-cart-1.html]
[www.enableds.com/products/megamobile/mixed/store-cart-2.html]
[www.enableds.com/products/megamobile/mixed/store-cart-3.html]
[www.enableds.com/products/megamobile/mixed/store-invoice.html]
[www.enableds.com/products/megamobile/mixed/store-history.html]
[www.enableds.com/products/megamobile/mixed/store-locations.html]
[www.enableds.com/products/megamobile/mixed/store-checkout.html]
[www.enableds.com/products/megamobile/mixed/page-blog.html]
[www.enableds.com/products/megamobile/mixed/page-videos.html]
[www.enableds.com/products/megamobile/mixed/page-contact.html]
[www.enableds.com/products/megamobile/mixed/contact.html]
[www.enableds.com/products/megamobile/mixed/images/pictures/4.jpg]
[www.enableds.com/products/megamobile/mixed/images/pictures/5.jpg]
[www.enableds.com/products/megamobile/mixed/images/pictures/0.jpg]
[www.enableds.com/products/megamobile/mixed/images/2.png]
[www.enableds.com/products/megamobile/mixed/images/empty.png]
[www.enableds.com/products/megamobile/mixed/images/pictures/1.jpg]
[www.enableds.com/products/megamobile/mixed/images/pictures/2.jpg]
[www.enableds.com/products/megamobile/mixed/images/pictures/3.jpg]
[www.enableds.com/products/megamobile/mixed/images/pictures/6.jpg]
[www.enableds.com/products/megamobile/mixed/images/pictures/7.jpg]
[www.enableds.com/products/megamobile/mixed/images/pictures/8.jpg]
[www.enableds.com/products/megamobile/mixed/images/pictures/9.jpg]
[www.enableds.com/products/megamobile/mixed/images/pictures/1t.jpg]
[www.enableds.com/products/megamobile/mixed/images/pictures/2t.jpg]
[www.enableds.com/products/megamobile/mixed/images/pictures/3t.jpg]
[www.enableds.com/products/megamobile/mixed/index.html]
[www.enableds.com/products/megamobile/mixed/images/pictures/4t.jpg]
[www.enableds.com/products/megamobile/mixed/images/logo-light.png]
[www.enableds.com/products/megamobile/mixed/images/logo-dark.png]
[www.enableds.com/products/megamobile/mixed/styles/style.css]
[www.enableds.com/products/megamobile/mixed/styles/skin.css]
[www.enableds.com/products/megamobile/mixed/images/pictures_vertical/bg0.jpg]
[www.enableds.com/products/megamobile/mixed/images/pictures_vertical/bg1.jpg]
[www.enableds.com/products/megamobile/mixed/images/pictures_vertical/bg2.jpg]
[www.enableds.com/products/megamobile/mixed/images/pictures_vertical/bg3.jpg]
[www.enableds.com/products/megamobile/mixed/images/pictures_vertical/bg4.jpg]
[www.enableds.com/products/megamobile/mixed/images/pictures_vertical/bg5.jpg]
[www.enableds.com/products/megamobile/mixed/images/pictures_vertical/bg6.jpg]
[www.enableds.com/products/megamobile/mixed/images/pictures_vertical/bg7.jpg]
[www.enableds.com/products/megamobile/mixed/images/pictures_vertical/bg8.jpg]
[www.enableds.com/products/megamobile/mixed/images/pictures_vertical/bg9.jpg]
[www.enableds.com/products/megamobile/mixed/images/framework/deco-zig.png]
[www.enableds.com/products/megamobile/mixed/images/framework/deco-slash.png]
[www.enableds.com/products/megamobile/mixed/styles/framework.css]
[www.enableds.com/products/megamobile/mixed/fonts/ionicons28b5.ttf]
[www.enableds.com/products/megamobile/mixed/fonts/ionicons28b5.eot]
[www.enableds.com/products/megamobile/mixed/fonts/ionicons28b5.woff]
[www.enableds.com/products/megamobile/mixed/styles/ionicons.min.css]
[www.enableds.com/products/megamobile/mixed/index2.html]
[www.enableds.com/products/megamobile/mixed/index-cover.html]
[www.enableds.com/products/megamobile/mixed/images/pictures/6t.jpg]
[www.enableds.com/products/megamobile/mixed/images/pictures/5t.jpg]
[www.enableds.com/products/megamobile/mixed/index-circle.html]
[www.enableds.com/products/megamobile/mixed/index-no-slider.html]
[www.enableds.com/products/megamobile/mixed/index-store.html]
[www.enableds.com/products/megamobile/mixed/index-news.html]
[www.enableds.com/products/megamobile/mixed/index-splash.html]
[www.enableds.com/products/megamobile/mixed/fonts/ionicons28b5.svg]
[www.enableds.com/products/megamobile/mixed/images/preload-logo.png]
[www.enableds.com/products/megamobile/mixed/index-login.html]
[www.enableds.com/products/megamobile/mixed/index-register.html]
[www.enableds.com/products/megamobile/mixed/index-landing.html]
[www.enableds.com/products/megamobile/mixed/menu-sidebar-dual.html]
[www.enableds.com/products/megamobile/mixed/menu-sidebar-left.html]
[www.enableds.com/products/megamobile/mixed/menu-sidebar-right.html]
[www.enableds.com/products/megamobile/mixed/menu-modal.html]
[www.enableds.com/products/megamobile/mixed/menu-header.html]
[www.enableds.com/products/megamobile/mixed/menu-footer.html]
[www.enableds.com/products/megamobile/mixed/menu-fixed.html]
[www.enableds.com/products/megamobile/mixed/menu-floating.html]
[www.enableds.com/products/megamobile/mixed/menu-landing.html]
[www.enableds.com/products/megamobile/mixed/features-tabs.html]
[www.enableds.com/products/megamobile/mixed/features-toggles.html]
[www.enableds.com/products/megamobile/mixed/features-dropdown.html]
[www.enableds.com/products/megamobile/mixed/features-accordion.html]
[www.enableds.com/products/megamobile/mixed/features-typography.html]
[www.enableds.com/products/megamobile/mixed/features-menu-bars.html]
[www.enableds.com/products/megamobile/mixed/features-notifications.html]
[www.enableds.com/products/megamobile/mixed/features-decorations.html]
[www.enableds.com/products/megamobile/mixed/features-buttons.html]
[www.enableds.com/products/megamobile/mixed/features-inputs.html]
[www.enableds.com/products/megamobile/mixed/features-detection.html]
[www.enableds.com/products/megamobile/mixed/gallery-round.html]
[www.enableds.com/products/megamobile/mixed/gallery-square.html]
[www.enableds.com/products/megamobile/mixed/gallery-blocks.html]
[www.enableds.com/products/megamobile/mixed/gallery-adaptive.html]
[www.enableds.com/products/megamobile/mixed/gallery-collections.html]
[www.enableds.com/products/megamobile/mixed/portfolio-one.html]
[www.enableds.com/products/megamobile/mixed/portfolio-two.html]
[www.enableds.com/products/megamobile/mixed/portfolio-fluid.html]
[www.enableds.com/products/megamobile/mixed/portfolio-cards.html]
[www.enableds.com/products/megamobile/mixed/page-soon-2.html]
[www.enableds.com/products/megamobile/mixed/portfolio-adaptive.html]
[www.enableds.com/products/megamobile/mixed/portfolio-widescreen.html]
[www.enableds.com/products/megamobile/mixed/page-error.html]
[www.enableds.com/products/megamobile/mixed/page-soon.html]
[www.enableds.com/products/megamobile/mixed/page-login.html]
[www.enableds.com/products/megamobile/mixed/page-register.html]
[www.enableds.com/products/megamobile/mixed/page-reviews.html]
[www.enableds.com/products/megamobile/mixed/styles/skin_dark.css]
[www.enableds.com/products/megamobile/mixed/index-classic.html]
[www.enableds.com/products/megamobile/mixed/index-round.html]
[www.enableds.com/products/megamobile/mixed/features-dividers.html]
[www.enableds.com/products/megamobile/mixed/portfolio-wide.html]
[www.enableds.com/products/megamobile/mixed/page-price-table.html]
[www.enableds.com/products/megamobile/mixed/page-blog-post.html]
[www.enableds.com/products/megamobile/mixed/pageapp-users.html]
[www.enableds.com/products/megamobile/mixed/page-sitemap.html]
[www.enableds.com/products/megamobile/mixed/page-profile-1.html]
[www.enableds.com/products/megamobile/mixed/images/pictures/0t.jpg]
[www.enableds.com/products/megamobile/mixed/page-profile-2.html]
[www.enableds.com/products/megamobile/mixed/page-timeline-1.html]
[www.enableds.com/products/megamobile/mixed/page-timeline-2.html]
[www.enableds.com/products/megamobile/mixed/page-pricing.html]
[www.enableds.com/products/megamobile/mixed/page-status.html]
[www.enableds.com/products/megamobile/mixed/pageapp-chat.html]
[www.enableds.com/products/megamobile/mixed/pageapp-error.html]
[www.enableds.com/products/megamobile/mixed/pageapp-soon.html]
[www.enableds.com/products/megamobile/mixed/pageapp-login.html]
[www.enableds.com/products/megamobile/mixed/pageapp-register.html]
[www.enableds.com/products/megamobile/mixed/pageapp-tasklist.html]
[www.enableds.com/products/megamobile/mixed/pageapp-checklist.html]
[www.enableds.com/products/megamobile/mixed/pageapp-interests.html]
[www.enableds.com/products/megamobile/mixed/pageapp-calendar.html]
[www.enableds.com/products/megamobile/mixed/pageapp-coverpage.html]
[www.enableds.com/products/megamobile/mixed/pageapp-userlists.html]
[www.enableds.com/products/megamobile/mixed/pageapp-map.html]
[www.enableds.com/products/megamobile/mixed/news-faq.html]
[www.enableds.com/products/megamobile/mixed/news-home-1.html]
[www.enableds.com/products/megamobile/mixed/news-home-2.html]
[www.enableds.com/products/megamobile/mixed/news-cover.html]
[www.enableds.com/products/megamobile/mixed/news-article-1.html]
[www.enableds.com/products/megamobile/mixed/news-article-2.html]
[www.enableds.com/products/megamobile/mixed/news-article-3.html]
[www.enableds.com/products/megamobile/mixed/news-list-1.html]
[www.enableds.com/products/megamobile/mixed/news-list-2.html]
[www.enableds.com/products/megamobile/mixed/news-list-3.html]
[www.enableds.com/products/megamobile/mixed/news-archive.html]
[www.enableds.com/products/megamobile/mixed/store-faq.html]
[www.enableds.com/products/megamobile/mixed/store-home-1.html]
[www.enableds.com/products/megamobile/mixed/store-home-2.html]
[www.enableds.com/products/megamobile/mixed/images/pictures/empty.png]
[www.enableds.com/products/megamobile/mixed/store-apps.html]
[www.enableds.com/products/megamobile/mixed/images/pictures/9t.jpg]
[www.enableds.com/products/megamobile/mixed/store-music.html]
[www.enableds.com/products/megamobile/mixed/store-video.html]
[www.enableds.com/products/megamobile/mixed/store-cover.html]
[www.enableds.com/products/megamobile/mixed/images/pictures/1w.jpg]
[www.enableds.com/products/megamobile/mixed/images/pictures/2w.jpg]
[www.enableds.com/products/megamobile/mixed/images/pictures/3w.jpg]
[www.enableds.com/products/megamobile/mixed/images/pictures/4w.jpg]
[www.enableds.com/products/megamobile/mixed/store-product-1.html]
[www.enableds.com/products/megamobile/mixed/store-product-2.html]
[www.enableds.com/products/megamobile/mixed/store-cart-1.html]
[www.enableds.com/products/megamobile/mixed/store-cart-2.html]
[www.enableds.com/products/megamobile/mixed/store-cart-3.html]
[www.enableds.com/products/megamobile/mixed/store-invoice.html]
[www.enableds.com/products/megamobile/mixed/store-history.html]
[www.enableds.com/products/megamobile/mixed/store-locations.html]
[www.enableds.com/products/megamobile/mixed/store-checkout.html]
[www.enableds.com/products/megamobile/mixed/blog-post.html]
[www.enableds.com/products/megamobile/mixed/page-blog.html]
[www.enableds.com/products/megamobile/mixed/page-videos.html]
[www.enableds.com/products/megamobile/mixed/page-contact.html]
[www.enableds.com/products/megamobile/mixed/contact.html]
[www.enableds.com/products/megamobile/mixed/fonts/ionicons28b5.svg]
[www.enableds.com/products/megamobile/mixed/page-soon-2.html]
[www.enableds.com/products/megamobile/mixed/styles/skin_dark.css]
[www.enableds.com/products/megamobile/mixed/index-classic.html]
[www.enableds.com/products/megamobile/mixed/index-round.html]
[www.enableds.com/products/megamobile/mixed/features-dividers.html]
[www.enableds.com/products/megamobile/mixed/portfolio-wide.html]
[www.enableds.com/products/megamobile/mixed/page-price-table.html]
[www.enableds.com/products/megamobile/mixed/page-blog-post.html]
[www.enableds.com/products/megamobile/mixed/pageapp-users.html]
[www.enableds.com/products/megamobile/mixed/images/pictures/empty.html]
[www.enableds.com/products/megamobile/mixed/blog-post.html]
